INFO: [VRFC 10-2263] Analyzing Verilog file "C:/Users/USER/Desktop/vivadoprojects/cpu1/cpu1.srcs/sources_1/new/alu.v" into library xil_defaultlib
INFO: [VRFC 10-311] analyzing module alu
INFO: [VRFC 10-2263] Analyzing Verilog file "C:/Users/USER/Desktop/vivadoprojects/cpu1/cpu1.srcs/sources_1/new/aludec.v" into library xil_defaultlib
INFO: [VRFC 10-311] analyzing module aludec
INFO: [VRFC 10-2263] Analyzing Verilog file "C:/Users/USER/Desktop/vivadoprojects/cpu1/cpu1.srcs/sources_1/new/branchdec.v" into library xil_defaultlib
INFO: [VRFC 10-311] analyzing module branchdec
INFO: [VRFC 10-2263] Analyzing Verilog file "C:/Users/USER/Desktop/vivadoprojects/cpu1/cpu1.srcs/sources_1/new/datapath.v" into library xil_defaultlib
INFO: [VRFC 10-311] analyzing module datapath
INFO: [VRFC 10-2263] Analyzing Verilog file "C:/Users/USER/Desktop/vivadoprojects/cpu1/cpu1.srcs/sources_1/new/likeadder.v" into library xil_defaultlib
INFO: [VRFC 10-311] analyzing module likeadder
INFO: [VRFC 10-2263] Analyzing Verilog file "C:/Users/USER/Desktop/vivadoprojects/cpu1/cpu1.srcs/sources_1/new/memoryI.v" into library xil_defaultlib
INFO: [VRFC 10-311] analyzing module memoryI
INFO: [VRFC 10-2263] Analyzing Verilog file "C:/Users/USER/Desktop/vivadoprojects/cpu1/cpu1.srcs/sources_1/new/memoryd.v" into library xil_defaultlib
INFO: [VRFC 10-311] analyzing module memoryd
INFO: [VRFC 10-2263] Analyzing Verilog file "C:/Users/USER/Desktop/vivadoprojects/cpu1/cpu1.srcs/sources_1/new/mux2to1.v" into library xil_defaultlib
INFO: [VRFC 10-311] analyzing module mux2to1
INFO: [VRFC 10-2263] Analyzing Verilog file "C:/Users/USER/Desktop/vivadoprojects/cpu1/cpu1.srcs/sources_1/new/mux4to1.v" into library xil_defaultlib
INFO: [VRFC 10-311] analyzing module mux4to1
INFO: [VRFC 10-2263] Analyzing Verilog file "C:/Users/USER/Desktop/vivadoprojects/cpu1/cpu1.srcs/sources_1/new/regdec.v" into library xil_defaultlib
INFO: [VRFC 10-311] analyzing module maindec
INFO: [VRFC 10-2263] Analyzing Verilog file "C:/Users/USER/Desktop/vivadoprojects/cpu1/cpu1.srcs/sources_1/new/regfile.v" into library xil_defaultlib
INFO: [VRFC 10-311] analyzing module regfile
INFO: [VRFC 10-2263] Analyzing Verilog file "C:/Users/USER/Desktop/vivadoprojects/cpu1/cpu1.srcs/sources_1/new/rv32i_cpu.v" into library xil_defaultlib
INFO: [VRFC 10-311] analyzing module rv32i_cpu
INFO: [VRFC 10-2263] Analyzing Verilog file "C:/Users/USER/Desktop/vivadoprojects/cpu1/cpu1.srcs/sources_1/new/signex.v" into library xil_defaultlib
INFO: [VRFC 10-311] analyzing module signex
INFO: [VRFC 10-2263] Analyzing Verilog file "C:/Users/USER/Desktop/vivadoprojects/cpu1/cpu1.srcs/sources_1/new/cpu_tb.v" into library xil_defaultlib
INFO: [VRFC 10-311] analyzing module tb_top
