Vivado Simulator v2022.2
Copyright 1986-1999, 2001-2022 Xilinx, Inc. All Rights Reserved.
Running: C:/Xilinx/Vivado/2022.2/bin/unwrapped/win64.o/xelab.exe --incr --debug typical --relax --mt 2 -L xil_defaultlib -L unisims_ver -L unimacro_ver -L secureip --snapshot tb_top_behav xil_defaultlib.tb_top xil_defaultlib.glbl -log elaborate.log 
Using 2 slave threads.
Starting static elaboration
Pass Through NonSizing Optimizer
Completed static elaboration
Starting simulation data flow analysis
WARNING: [XSIM 43-4099] "C:/Users/USER/Desktop/vivadoprojects/cpu1/cpu1.srcs/sources_1/new/datapath.v" Line 1. Module datapath doesn't have a timescale but at least one module in design has a timescale.
WARNING: [XSIM 43-4099] "C:/Users/USER/Desktop/vivadoprojects/cpu1/cpu1.srcs/sources_1/new/memoryI.v" Line 1. Module memoryI doesn't have a timescale but at least one module in design has a timescale.
WARNING: [XSIM 43-4099] "C:/Users/USER/Desktop/vivadoprojects/cpu1/cpu1.srcs/sources_1/new/memoryd.v" Line 1. Module memoryd doesn't have a timescale but at least one module in design has a timescale.
WARNING: [XSIM 43-4099] "C:/Users/USER/Desktop/vivadoprojects/cpu1/cpu1.srcs/sources_1/new/alu.v" Line 1. Module alu doesn't have a timescale but at least one module in design has a timescale.
WARNING: [XSIM 43-4099] "C:/Users/USER/Desktop/vivadoprojects/cpu1/cpu1.srcs/sources_1/new/likeadder.v" Line 1. Module likeadder doesn't have a timescale but at least one module in design has a timescale.
WARNING: [XSIM 43-4099] "C:/Users/USER/Desktop/vivadoprojects/cpu1/cpu1.srcs/sources_1/new/branchdec.v" Line 1. Module branchdec doesn't have a timescale but at least one module in design has a timescale.
WARNING: [XSIM 43-4099] "C:/Users/USER/Desktop/vivadoprojects/cpu1/cpu1.srcs/sources_1/new/mux2to1.v" Line 1. Module mux2to1 doesn't have a timescale but at least one module in design has a timescale.
WARNING: [XSIM 43-4099] "C:/Users/USER/Desktop/vivadoprojects/cpu1/cpu1.srcs/sources_1/new/aludec.v" Line 11. Module aludec doesn't have a timescale but at least one module in design has a timescale.
WARNING: [XSIM 43-4099] "C:/Users/USER/Desktop/vivadoprojects/cpu1/cpu1.srcs/sources_1/new/mux2to1.v" Line 1. Module mux2to1 doesn't have a timescale but at least one module in design has a timescale.
WARNING: [XSIM 43-4099] "C:/Users/USER/Desktop/vivadoprojects/cpu1/cpu1.srcs/sources_1/new/mux2to1.v" Line 1. Module mux2to1 doesn't have a timescale but at least one module in design has a timescale.
WARNING: [XSIM 43-4099] "C:/Users/USER/Desktop/vivadoprojects/cpu1/cpu1.srcs/sources_1/new/mux2to1.v" Line 1. Module mux2to1 doesn't have a timescale but at least one module in design has a timescale.
WARNING: [XSIM 43-4099] "C:/Users/USER/Desktop/vivadoprojects/cpu1/cpu1.srcs/sources_1/new/datapath.v" Line 1. Module datapath doesn't have a timescale but at least one module in design has a timescale.
WARNING: [XSIM 43-4099] "C:/Users/USER/Desktop/vivadoprojects/cpu1/cpu1.srcs/sources_1/new/memoryI.v" Line 1. Module memoryI doesn't have a timescale but at least one module in design has a timescale.
WARNING: [XSIM 43-4099] "C:/Users/USER/Desktop/vivadoprojects/cpu1/cpu1.srcs/sources_1/new/memoryd.v" Line 1. Module memoryd doesn't have a timescale but at least one module in design has a timescale.
WARNING: [XSIM 43-4099] "C:/Users/USER/Desktop/vivadoprojects/cpu1/cpu1.srcs/sources_1/new/alu.v" Line 1. Module alu doesn't have a timescale but at least one module in design has a timescale.
WARNING: [XSIM 43-4099] "C:/Users/USER/Desktop/vivadoprojects/cpu1/cpu1.srcs/sources_1/new/likeadder.v" Line 1. Module likeadder doesn't have a timescale but at least one module in design has a timescale.
WARNING: [XSIM 43-4099] "C:/Users/USER/Desktop/vivadoprojects/cpu1/cpu1.srcs/sources_1/new/branchdec.v" Line 1. Module branchdec doesn't have a timescale but at least one module in design has a timescale.
WARNING: [XSIM 43-4099] "C:/Users/USER/Desktop/vivadoprojects/cpu1/cpu1.srcs/sources_1/new/mux2to1.v" Line 1. Module mux2to1 doesn't have a timescale but at least one module in design has a timescale.
WARNING: [XSIM 43-4099] "C:/Users/USER/Desktop/vivadoprojects/cpu1/cpu1.srcs/sources_1/new/aludec.v" Line 11. Module aludec doesn't have a timescale but at least one module in design has a timescale.
WARNING: [XSIM 43-4099] "C:/Users/USER/Desktop/vivadoprojects/cpu1/cpu1.srcs/sources_1/new/mux2to1.v" Line 1. Module mux2to1 doesn't have a timescale but at least one module in design has a timescale.
WARNING: [XSIM 43-4099] "C:/Users/USER/Desktop/vivadoprojects/cpu1/cpu1.srcs/sources_1/new/mux2to1.v" Line 1. Module mux2to1 doesn't have a timescale but at least one module in design has a timescale.
WARNING: [XSIM 43-4099] "C:/Users/USER/Desktop/vivadoprojects/cpu1/cpu1.srcs/sources_1/new/mux2to1.v" Line 1. Module mux2to1 doesn't have a timescale but at least one module in design has a timescale.
Completed simulation data flow analysis
Time Resolution for simulation is 1ps
Compiling module xil_defaultlib.rv32i_cpu
Compiling module xil_defaultlib.memoryI
Compiling module xil_defaultlib.memoryd
Compiling module xil_defaultlib.regfile
Compiling module xil_defaultlib.maindec
Compiling module xil_defaultlib.likeadder
Compiling module xil_defaultlib.alu
Compiling module xil_defaultlib.branchdec
Compiling module xil_defaultlib.mux2to1
Compiling module xil_defaultlib.mux4to1
Compiling module xil_defaultlib.aludec
Compiling module xil_defaultlib.signex
Compiling module xil_defaultlib.datapath
Compiling module xil_defaultlib.tb_top
Compiling module xil_defaultlib.glbl
Built simulation snapshot tb_top_behav
